Archive member included to satisfy reference by file (symbol)

C:/ST/STM32CubeIDE_1.11.2/STM32CubeIDE/plugins/com.st.stm32cube.ide.mcu.externaltools.gnu-tools-for-stm32.12.3.rel1.win32_1.1.0.202410251130/tools/bin/../lib/gcc/arm-none-eabi/12.3.1/../../../../arm-none-eabi/lib/thumb/v7e-m/nofp\libc_nano.a(libc_a-exit.o)
                              C:/ST/STM32CubeIDE_1.11.2/STM32CubeIDE/plugins/com.st.stm32cube.ide.mcu.externaltools.gnu-tools-for-stm32.12.3.rel1.win32_1.1.0.202410251130/tools/bin/../lib/gcc/arm-none-eabi/12.3.1/../../../../arm-none-eabi/lib/thumb/v7e-m/nofp/crt0.o (exit)
C:/ST/STM32CubeIDE_1.11.2/STM32CubeIDE/plugins/com.st.stm32cube.ide.mcu.externaltools.gnu-tools-for-stm32.12.3.rel1.win32_1.1.0.202410251130/tools/bin/../lib/gcc/arm-none-eabi/12.3.1/../../../../arm-none-eabi/lib/thumb/v7e-m/nofp\libc_nano.a(libc_a-findfp.o)
                              C:/ST/STM32CubeIDE_1.11.2/STM32CubeIDE/plugins/com.st.stm32cube.ide.mcu.externaltools.gnu-tools-for-stm32.12.3.rel1.win32_1.1.0.202410251130/tools/bin/../lib/gcc/arm-none-eabi/12.3.1/../../../../arm-none-eabi/lib/thumb/v7e-m/nofp\libc_nano.a(libc_a-exit.o) (__stdio_exit_handler)
C:/ST/STM32CubeIDE_1.11.2/STM32CubeIDE/plugins/com.st.stm32cube.ide.mcu.externaltools.gnu-tools-for-stm32.12.3.rel1.win32_1.1.0.202410251130/tools/bin/../lib/gcc/arm-none-eabi/12.3.1/../../../../arm-none-eabi/lib/thumb/v7e-m/nofp\libc_nano.a(libc_a-fwalk.o)
                              C:/ST/STM32CubeIDE_1.11.2/STM32CubeIDE/plugins/com.st.stm32cube.ide.mcu.externaltools.gnu-tools-for-stm32.12.3.rel1.win32_1.1.0.202410251130/tools/bin/../lib/gcc/arm-none-eabi/12.3.1/../../../../arm-none-eabi/lib/thumb/v7e-m/nofp\libc_nano.a(libc_a-findfp.o) (_fwalk_sglue)
C:/ST/STM32CubeIDE_1.11.2/STM32CubeIDE/plugins/com.st.stm32cube.ide.mcu.externaltools.gnu-tools-for-stm32.12.3.rel1.win32_1.1.0.202410251130/tools/bin/../lib/gcc/arm-none-eabi/12.3.1/../../../../arm-none-eabi/lib/thumb/v7e-m/nofp\libc_nano.a(libc_a-stdio.o)
                              C:/ST/STM32CubeIDE_1.11.2/STM32CubeIDE/plugins/com.st.stm32cube.ide.mcu.externaltools.gnu-tools-for-stm32.12.3.rel1.win32_1.1.0.202410251130/tools/bin/../lib/gcc/arm-none-eabi/12.3.1/../../../../arm-none-eabi/lib/thumb/v7e-m/nofp\libc_nano.a(libc_a-findfp.o) (__sread)
C:/ST/STM32CubeIDE_1.11.2/STM32CubeIDE/plugins/com.st.stm32cube.ide.mcu.externaltools.gnu-tools-for-stm32.12.3.rel1.win32_1.1.0.202410251130/tools/bin/../lib/gcc/arm-none-eabi/12.3.1/../../../../arm-none-eabi/lib/thumb/v7e-m/nofp\libc_nano.a(libc_a-memset.o)
                              C:/ST/STM32CubeIDE_1.11.2/STM32CubeIDE/plugins/com.st.stm32cube.ide.mcu.externaltools.gnu-tools-for-stm32.12.3.rel1.win32_1.1.0.202410251130/tools/bin/../lib/gcc/arm-none-eabi/12.3.1/../../../../arm-none-eabi/lib/thumb/v7e-m/nofp/crt0.o (memset)
C:/ST/STM32CubeIDE_1.11.2/STM32CubeIDE/plugins/com.st.stm32cube.ide.mcu.externaltools.gnu-tools-for-stm32.12.3.rel1.win32_1.1.0.202410251130/tools/bin/../lib/gcc/arm-none-eabi/12.3.1/../../../../arm-none-eabi/lib/thumb/v7e-m/nofp\libc_nano.a(libc_a-closer.o)
                              C:/ST/STM32CubeIDE_1.11.2/STM32CubeIDE/plugins/com.st.stm32cube.ide.mcu.externaltools.gnu-tools-for-stm32.12.3.rel1.win32_1.1.0.202410251130/tools/bin/../lib/gcc/arm-none-eabi/12.3.1/../../../../arm-none-eabi/lib/thumb/v7e-m/nofp\libc_nano.a(libc_a-stdio.o) (_close_r)
C:/ST/STM32CubeIDE_1.11.2/STM32CubeIDE/plugins/com.st.stm32cube.ide.mcu.externaltools.gnu-tools-for-stm32.12.3.rel1.win32_1.1.0.202410251130/tools/bin/../lib/gcc/arm-none-eabi/12.3.1/../../../../arm-none-eabi/lib/thumb/v7e-m/nofp\libc_nano.a(libc_a-reent.o)
                              C:/ST/STM32CubeIDE_1.11.2/STM32CubeIDE/plugins/com.st.stm32cube.ide.mcu.externaltools.gnu-tools-for-stm32.12.3.rel1.win32_1.1.0.202410251130/tools/bin/../lib/gcc/arm-none-eabi/12.3.1/../../../../arm-none-eabi/lib/thumb/v7e-m/nofp\libc_nano.a(libc_a-closer.o) (errno)
C:/ST/STM32CubeIDE_1.11.2/STM32CubeIDE/plugins/com.st.stm32cube.ide.mcu.externaltools.gnu-tools-for-stm32.12.3.rel1.win32_1.1.0.202410251130/tools/bin/../lib/gcc/arm-none-eabi/12.3.1/../../../../arm-none-eabi/lib/thumb/v7e-m/nofp\libc_nano.a(libc_a-impure.o)
                              C:/ST/STM32CubeIDE_1.11.2/STM32CubeIDE/plugins/com.st.stm32cube.ide.mcu.externaltools.gnu-tools-for-stm32.12.3.rel1.win32_1.1.0.202410251130/tools/bin/../lib/gcc/arm-none-eabi/12.3.1/../../../../arm-none-eabi/lib/thumb/v7e-m/nofp\libc_nano.a(libc_a-reent.o) (_impure_ptr)
C:/ST/STM32CubeIDE_1.11.2/STM32CubeIDE/plugins/com.st.stm32cube.ide.mcu.externaltools.gnu-tools-for-stm32.12.3.rel1.win32_1.1.0.202410251130/tools/bin/../lib/gcc/arm-none-eabi/12.3.1/../../../../arm-none-eabi/lib/thumb/v7e-m/nofp\libc_nano.a(libc_a-lseekr.o)
[...]
Memory Configuration

Name             Origin             Length             Attributes
CCMRAM           0x10000000         0x00010000         xrw
RAM              0x20000000         0x00020000         xrw
FLASH            0x08000000         0x00100000         xr
*default*        0x00000000         0xffffffff

Linker script and memory map

LOAD C:/ST/STM32CubeIDE_1.11.2/STM32CubeIDE/plugins/com.st.stm32cube.ide.mcu.externaltools.gnu-tools-for-stm32.12.3.rel1.win32_1.1.0.202410251130/tools/bin/../lib/gcc/arm-none-eabi/12.3.1/thumb/v7e-m/nofp/crti.o
LOAD C:/ST/STM32CubeIDE_1.11.2/STM32CubeIDE/plugins/com.st.stm32cube.ide.mcu.externaltools.gnu-tools-for-stm32.12.3.rel1.win32_1.1.0.202410251130/tools/bin/../lib/gcc/arm-none-eabi/12.3.1/thumb/v7e-m/nofp/crtbegin.o
LOAD C:/ST/STM32CubeIDE_1.11.2/STM32CubeIDE/plugins/com.st.stm32cube.ide.mcu.externaltools.gnu-tools-for-stm32.12.3.rel1.win32_1.1.0.202410251130/tools/bin/../lib/gcc/arm-none-eabi/12.3.1/../../../../arm-none-eabi/lib/thumb/v7e-m/nofp/crt0.o
LOAD ./Drivers/Src/stm32f407xx_gpio_driver.o
LOAD ./Drivers/Src/stm32f407xx_i2c_driver.o
LOAD ./Drivers/Src/stm32f407xx_rcc_driver.o
LOAD ./Drivers/Src/stm32f407xx_spi_driver.o
LOAD ./Drivers/Src/stm32f407xx_tim_driver.o
LOAD ./Drivers/Src/stm32f407xx_usart_driver.o
LOAD ./Drivers/Src/stm32f407xx_usb_driver.o
LOAD ./Middlewares/USB_Device_Library/Core/Src/usbd_desc.o
LOAD ./Src/main.o
LOAD ./Src/syscalls.o
LOAD ./Src/sysmem.o
LOAD ./Startup/startup_stm32f407vgtx.o
START GROUP
LOAD C:/ST/STM32CubeIDE_1.11.2/STM32CubeIDE/plugins/com.st.stm32cube.ide.mcu.externaltools.gnu-tools-for-stm32.12.3.rel1.win32_1.1.0.202410251130/tools/bin/../lib/gcc/arm-none-eabi/12.3.1/../../../../arm-none-eabi/lib/thumb/v7e-m/nofp\libc_nano.a
LOAD C:/ST/STM32CubeIDE_1.11.2/STM32CubeIDE/plugins/com.st.stm32cube.ide.mcu.externaltools.gnu-tools-for-stm32.12.3.rel1.win32_1.1.0.202410251130/tools/bin/../lib/gcc/arm-none-eabi/12.3.1/../../../../arm-none-eabi/lib/thumb/v7e-m/nofp\libm.a
END GROUP
START GROUP
LOAD C:/ST/STM32CubeIDE_1.11.2/STM32CubeIDE/plugins/com.st.stm32cube.ide.mcu.externaltools.gnu-tools-for-stm32.12.3.rel1.win32_1.1.0.202410251130/tools/bin/../lib/gcc/arm-none-eabi/12.3.1/thumb/v7e-m/nofp\libgcc.a
LOAD C:/ST/STM32CubeIDE_1.11.2/STM32CubeIDE/plugins/com.st.stm32cube.ide.mcu.externaltools.gnu-tools-for-stm32.12.3.rel1.win32_1.1.0.202410251130/tools/bin/../lib/gcc/arm-none-eabi/12.3.1/../../../../arm-none-eabi/lib/thumb/v7e-m/nofp\libc_nano.a
END GROUP
START GROUP
LOAD C:/ST/STM32CubeIDE_1.11.2/STM32CubeIDE/plugins/com.st.stm32cube.ide.mcu.externaltools.gnu-tools-for-stm32.12.3.rel1.win32_1.1.0.202410251130/tools/bin/../lib/gcc/arm-none-eabi/12.3.1/thumb/v7e-m/nofp\libgcc.a
LOAD C:/ST/STM32CubeIDE_1.11.2/STM32CubeIDE/plugins/com.st.stm32cube.ide.mcu.externaltools.gnu-tools-for-stm32.12.3.rel1.win32_1.1.0.202410251130/tools/bin/../lib/gcc/arm-none-eabi/12.3.1/../../../../arm-none-eabi/lib/thumb/v7e-m/nofp\libc_nano.a
LOAD C:/ST/STM32CubeIDE_1.11.2/STM32CubeIDE/plugins/com.st.stm32cube.ide.mcu.externaltools.gnu-tools-for-stm32.12.3.rel1.win32_1.1.0.202410251130/tools/bin/../lib/gcc/arm-none-eabi/12.3.1/../../../../arm-none-eabi/lib/thumb/v7e-m/nofp\libnosys.a
END GROUP
START GROUP
LOAD C:/ST/STM32CubeIDE_1.11.2/STM32CubeIDE/plugins/com.st.stm32cube.ide.mcu.externaltools.gnu-tools-for-stm32.12.3.rel1.win32_1.1.0.202410251130/tools/bin/../lib/gcc/arm-none-eabi/12.3.1/thumb/v7e-m/nofp\libgcc.a
LOAD C:/ST/STM32CubeIDE_1.11.2/STM32CubeIDE/plugins/com.st.stm32cube.ide.mcu.externaltools.gnu-tools-for-stm32.12.3.rel1.win32_1.1.0.202410251130/tools/bin/../lib/gcc/arm-none-eabi/12.3.1/../../../../arm-none-eabi/lib/thumb/v7e-m/nofp\libc_nano.a
LOAD C:/ST/STM32CubeIDE_1.11.2/STM32CubeIDE/plugins/com.st.stm32cube.ide.mcu.externaltools.gnu-tools-for-stm32.12.3.rel1.win32_1.1.0.202410251130/tools/bin/../lib/gcc/arm-none-eabi/12.3.1/../../../../arm-none-eabi/lib/thumb/v7e-m/nofp\libnosys.a
END GROUP
LOAD C:/ST/STM32CubeIDE_1.11.2/STM32CubeIDE/plugins/com.st.stm32cube.ide.mcu.externaltools.gnu-tools-for-stm32.12.3.rel1.win32_1.1.0.202410251130/tools/bin/../lib/gcc/arm-none-eabi/12.3.1/thumb/v7e-m/nofp/crtend.o
LOAD C:/ST/STM32CubeIDE_1.11.2/STM32CubeIDE/plugins/com.st.stm32cube.ide.mcu.externaltools.gnu-tools-for-stm32.12.3.rel1.win32_1.1.0.202410251130/tools/bin/../lib/gcc/arm-none-eabi/12.3.1/thumb/v7e-m/nofp/crtn.o
                0x20020000                        _estack = (ORIGIN (RAM) + LENGTH (RAM))
                0x00000200                        _Min_Heap_Size = 0x200
                0x00000400                        _Min_Stack_Size = 0x400

.isr_vector     0x08000000      0x188
                0x08000000                        . = ALIGN (0x4)
 *(.isr_vector)
 .isr_vector    0x08000000      0x188 ./Startup/startup_stm32f407vgtx.o
                0x08000000                g_pfnVectors
                0x08000188                        . = ALIGN (0x4)

.text           0x08000188      0x2b8
                0x08000188                        . = ALIGN (0x4)
 *(.text)
 .text          0x08000188       0x40 C:/ST/STM32CubeIDE_1.11.2/STM32CubeIDE/plugins/com.st.stm32cube.ide.mcu.externaltools.gnu-tools-for-stm32.12.3.rel1.win32_1.1.0.202410251130/tools/bin/../lib/gcc/arm-none-eabi/12.3.1/thumb/v7e-m/nofp/crtbegin.o
 *(.text*)
 .text.USBD_PeriClockControl
                0x080001c8       0xd8 ./Drivers/Src/stm32f407xx_usb_driver.o
                0x080001c8                USBD_PeriClockControl
 .text.USBD_Init
                0x080002a0       0xd0 ./Drivers/Src/stm32f407xx_usb_driver.o
                0x080002a0                USBD_Init
 .text.main     0x08000370       0x10 ./Src/main.o
                0x08000370                main
 .text.OTG_FS_IRQHandler
                0x08000380        0xc ./Src/main.o
                0x08000380                OTG_FS_IRQHandler
 .text.Reset_Handler
                0x0800038c       0x50 ./Startup/startup_stm32f407vgtx.o
                0x0800038c                Reset_Handler
 .text.Default_Handler
                0x080003dc        0x2 ./Startup/startup_stm32f407vgtx.o
                0x080003dc                RTC_Alarm_IRQHandler
                0x080003dc                HASH_RNG_IRQHandler
                0x080003dc                EXTI2_IRQHandler
                0x080003dc                TIM8_CC_IRQHandler
                0x080003dc                DebugMon_Handler
                0x080003dc                TIM1_CC_IRQHandler
                0x080003dc                DMA2_Stream5_IRQHandler
                0x080003dc                HardFault_Handler
                0x080003dc                DMA1_Stream5_IRQHandler
                0x080003dc                SysTick_Handler
                0x080003dc                PVD_IRQHandler
                0x080003dc                SDIO_IRQHandler
                0x080003dc                TAMP_STAMP_IRQHandler
                0x080003dc                PendSV_Handler
                0x080003dc                NMI_Handler
                0x080003dc                CAN2_RX1_IRQHandler
                0x080003dc                EXTI3_IRQHandler
                0x080003dc                TIM8_TRG_COM_TIM14_IRQHandler
                0x080003dc                TIM1_UP_TIM10_IRQHandler
                0x080003dc                TIM8_UP_TIM13_IRQHandler
                0x080003dc                I2C3_ER_IRQHandler
                0x080003dc                EXTI0_IRQHandler
                0x080003dc                I2C2_EV_IRQHandler
                0x080003dc                DMA1_Stream2_IRQHandler
                0x080003dc                CAN1_RX0_IRQHandler
                0x080003dc                FPU_IRQHandler
                0x080003dc                OTG_HS_WKUP_IRQHandler
                0x080003dc                UsageFault_Handler
                0x080003dc                CAN2_SCE_IRQHandler
                0x080003dc                DMA2_Stream2_IRQHandler
                0x080003dc                SPI1_IRQHandler
                0x080003dc                TIM6_DAC_IRQHandler
                0x080003dc                TIM1_BRK_TIM9_IRQHandler
                0x080003dc                DCMI_IRQHandler
                0x080003dc                CAN2_RX0_IRQHandler
                0x080003dc                DMA2_Stream3_IRQHandler
                0x080003dc                USART6_IRQHandler
                0x080003dc                USART3_IRQHandler
                0x080003dc                CRYP_IRQHandler
                0x080003dc                CAN1_RX1_IRQHandler
                0x080003dc                UART5_IRQHandler
                0x080003dc                DMA2_Stream0_IRQHandler
                0x080003dc                TIM4_IRQHandler
                0x080003dc                I2C1_EV_IRQHandler
                0x080003dc                DMA1_Stream6_IRQHandler
                0x080003dc                DMA1_Stream1_IRQHandler
                0x080003dc                UART4_IRQHandler
                0x080003dc                TIM3_IRQHandler
                0x080003dc                RCC_IRQHandler
                0x080003dc                TIM8_BRK_TIM12_IRQHandler
                0x080003dc                Default_Handler
                0x080003dc                EXTI15_10_IRQHandler
                0x080003dc                ADC_IRQHandler
                0x080003dc                DMA1_Stream7_IRQHandler
                0x080003dc                TIM7_IRQHandler
                0x080003dc                CAN2_TX_IRQHandler
                0x080003dc                TIM5_IRQHandler
                0x080003dc                DMA2_Stream7_IRQHandler
                0x080003dc                I2C3_EV_IRQHandler
                0x080003dc                EXTI9_5_IRQHandler
                0x080003dc                RTC_WKUP_IRQHandler
                0x080003dc                ETH_WKUP_IRQHandler
                0x080003dc                SPI2_IRQHandler
                0x080003dc                OTG_HS_EP1_IN_IRQHandler
                0x080003dc                MemManage_Handler
                0x080003dc                DMA1_Stream0_IRQHandler
                0x080003dc                CAN1_TX_IRQHandler
                0x080003dc                SVC_Handler
                0x080003dc                EXTI4_IRQHandler
                0x080003dc                FSMC_IRQHandler
                0x080003dc                ETH_IRQHandler
                0x080003dc                OTG_HS_EP1_OUT_IRQHandler
                0x080003dc                WWDG_IRQHandler
                0x080003dc                TIM2_IRQHandler
                0x080003dc                OTG_FS_WKUP_IRQHandler
                0x080003dc                TIM1_TRG_COM_TIM11_IRQHandler
                0x080003dc                OTG_HS_IRQHandler
                0x080003dc                EXTI1_IRQHandler
                0x080003dc                USART2_IRQHandler
                0x080003dc                I2C2_ER_IRQHandler
                0x080003dc                DMA2_Stream1_IRQHandler
                0x080003dc                CAN1_SCE_IRQHandler
                0x080003dc                DMA2_Stream4_IRQHandler
                0x080003dc                BusFault_Handler
                0x080003dc                USART1_IRQHandler
                0x080003dc                SPI3_IRQHandler
                0x080003dc                DMA1_Stream4_IRQHandler
                0x080003dc                I2C1_ER_IRQHandler
                0x080003dc                DMA2_Stream6_IRQHandler
                0x080003dc                DMA1_Stream3_IRQHandler
 *fill*         0x080003de        0x2 
 .text.__libc_init_array
                0x080003e0       0x48 C:/ST/STM32CubeIDE_1.11.2/STM32CubeIDE/plugins/com.st.stm32cube.ide.mcu.externaltools.gnu-tools-for-stm32.12.3.rel1.win32_1.1.0.202410251130/tools/bin/../lib/gcc/arm-none-eabi/12.3.1/../../../../arm-none-eabi/lib/thumb/v7e-m/nofp\libc_nano.a(libc_a-init.o)
                0x080003e0                __libc_init_array
 *(.glue_7)
 .glue_7        0x08000428        0x0 linker stubs
 *(.glue_7t)
 .glue_7t       0x08000428        0x0 linker stubs
 *(.eh_frame)
 .eh_frame      0x08000428        0x0 C:/ST/STM32CubeIDE_1.11.2/STM32CubeIDE/plugins/com.st.stm32cube.ide.mcu.externaltools.gnu-tools-for-stm32.12.3.rel1.win32_1.1.0.202410251130/tools/bin/../lib/gcc/arm-none-eabi/12.3.1/thumb/v7e-m/nofp/crtbegin.o
 *(.init)
 .init          0x08000428        0x4 C:/ST/STM32CubeIDE_1.11.2/STM32CubeIDE/plugins/com.st.stm32cube.ide.mcu.externaltools.gnu-tools-for-stm32.12.3.rel1.win32_1.1.0.202410251130/tools/bin/../lib/gcc/arm-none-eabi/12.3.1/thumb/v7e-m/nofp/crti.o
                0x08000428                _init
 .init          0x0800042c        0x8 C:/ST/STM32CubeIDE_1.11.2/STM32CubeIDE/plugins/com.st.stm32cube.ide.mcu.externaltools.gnu-tools-for-stm32.12.3.rel1.win32_1.1.0.202410251130/tools/bin/../lib/gcc/arm-none-eabi/12.3.1/thumb/v7e-m/nofp/crtn.o
 *(.fini)
 .fini          0x08000434        0x4 C:/ST/STM32CubeIDE_1.11.2/STM32CubeIDE/plugins/com.st.stm32cube.ide.mcu.externaltools.gnu-tools-for-stm32.12.3.rel1.win32_1.1.0.202410251130/tools/bin/../lib/gcc/arm-none-eabi/12.3.1/thumb/v7e-m/nofp/crti.o
                0x08000434                _fini
 .fini          0x08000438        0x8 C:/ST/STM32CubeIDE_1.11.2/STM32CubeIDE/plugins/com.st.stm32cube.ide.mcu.externaltools.gnu-tools-for-stm32.12.3.rel1.win32_1.1.0.202410251130/tools/bin/../lib/gcc/arm-none-eabi/12.3.1/thumb/v7e-m/nofp/crtn.o
                0x08000440                        . = ALIGN (0x4)
                0x08000440                        _etext = .

.vfp11_veneer   0x08000440        0x0
 .vfp11_veneer  0x08000440        0x0 linker stubs

.v4_bx          0x08000440        0x0
 .v4_bx         0x08000440        0x0 linker stubs

.iplt           0x08000440        0x0
 .iplt          0x08000440        0x0 C:/ST/STM32CubeIDE_1.11.2/STM32CubeIDE/plugins/com.st.stm32cube.ide.mcu.externaltools.gnu-tools-for-stm32.12.3.rel1.win32_1.1.0.202410251130/tools/bin/../lib/gcc/arm-none-eabi/12.3.1/thumb/v7e-m/nofp/crtbegin.o

.rodata         0x08000440        0x0
                0x08000440                        . = ALIGN (0x4)
 *(.rodata)
 *(.rodata*)
                0x08000440                        . = ALIGN (0x4)

.ARM.extab      0x08000440        0x0
                0x08000440                        . = ALIGN (0x4)
 *(.ARM.extab* .gnu.linkonce.armextab.*)
                0x08000440                        . = ALIGN (0x4)

.ARM            0x08000440        0x0
                0x08000440                        . = ALIGN (0x4)
                0x08000440                        __exidx_start = .
 *(.ARM.exidx*)
                0x08000440                        __exidx_end = .
                0x08000440                        . = ALIGN (0x4)

.preinit_array  0x08000440        0x0
                0x08000440                        . = ALIGN (0x4)
                0x08000440                        PROVIDE (__preinit_array_start = .)
 *(.preinit_array*)
                0x08000440                        PROVIDE (__preinit_array_end = .)
                0x08000440                        . = ALIGN (0x4)

.init_array     0x08000440        0x4
                0x08000440                        . = ALIGN (0x4)
                0x08000440                        PROVIDE (__init_array_start = .)
 *(SORT_BY_NAME(.init_array.*))
 *(.init_array*)
 .init_array    0x08000440        0x4 C:/ST/STM32CubeIDE_1.11.2/STM32CubeIDE/plugins/com.st.stm32cube.ide.mcu.externaltools.gnu-tools-for-stm32.12.3.rel1.win32_1.1.0.202410251130/tools/bin/../lib/gcc/arm-none-eabi/12.3.1/thumb/v7e-m/nofp/crtbegin.o
                0x08000444                        PROVIDE (__init_array_end = .)
                0x08000444                        . = ALIGN (0x4)

.fini_array     0x08000444        0x4
                0x08000444                        . = ALIGN (0x4)
                [!provide]                        PROVIDE (__fini_array_start = .)
 *(SORT_BY_NAME(.fini_array.*))
 *(.fini_array*)
 .fini_array    0x08000444        0x4 C:/ST/STM32CubeIDE_1.11.2/STM32CubeIDE/plugins/com.st.stm32cube.ide.mcu.externaltools.gnu-tools-for-stm32.12.3.rel1.win32_1.1.0.202410251130/tools/bin/../lib/gcc/arm-none-eabi/12.3.1/thumb/v7e-m/nofp/crtbegin.o
                [!provide]                        PROVIDE (__fini_array_end = .)
                0x08000448                        . = ALIGN (0x4)
                0x08000448                        _sidata = LOADADDR (.data)

.rel.dyn        0x08000448        0x0
 .rel.iplt      0x08000448        0x0 C:/ST/STM32CubeIDE_1.11.2/STM32CubeIDE/plugins/com.st.stm32cube.ide.mcu.externaltools.gnu-tools-for-stm32.12.3.rel1.win32_1.1.0.202410251130/tools/bin/../lib/gcc/arm-none-eabi/12.3.1/thumb/v7e-m/nofp/crtbegin.o

.data           0x20000000        0x0 load address 0x08000448
                0x20000000                        . = ALIGN (0x4)
                0x20000000                        _sdata = .
 *(.data)
 *(.data*)
 *(.RamFunc)
 *(.RamFunc*)
                0x20000000                        . = ALIGN (0x4)
                0x20000000                        _edata = .
                0x08000448                        _siccmram = LOADADDR (.ccmram)

.igot.plt       0x20000000        0x0 load address 0x08000448
 .igot.plt      0x20000000        0x0 C:/ST/STM32CubeIDE_1.11.2/STM32CubeIDE/plugins/com.st.stm32cube.ide.mcu.externaltools.gnu-tools-for-stm32.12.3.rel1.win32_1.1.0.202410251130/tools/bin/../lib/gcc/arm-none-eabi/12.3.1/thumb/v7e-m/nofp/crtbegin.o

.ccmram         0x10000000        0x0 load address 0x08000448
                0x10000000                        . = ALIGN (0x4)
                0x10000000                        _sccmram = .
 *(.ccmram)
 *(.ccmram*)
                0x10000000                        . = ALIGN (0x4)
                0x10000000                        _eccmram = .
                0x10000000                        . = ALIGN (0x4)

.bss            0x20000000       0x1c
                0x20000000                        _sbss = .
                0x20000000                        __bss_start__ = _sbss
 *(.bss)
 .bss           0x20000000       0x1c C:/ST/STM32CubeIDE_1.11.2/STM32CubeIDE/plugins/com.st.stm32cube.ide.mcu.externaltools.gnu-tools-for-stm32.12.3.rel1.win32_1.1.0.202410251130/tools/bin/../lib/gcc/arm-none-eabi/12.3.1/thumb/v7e-m/nofp/crtbegin.o
 *(.bss*)
 *(COMMON)
                0x2000001c                        . = ALIGN (0x4)
                0x2000001c                        _ebss = .
                0x2000001c                        __bss_end__ = _ebss

._user_heap_stack
                0x2000001c      0x604
                0x20000020                        . = ALIGN (0x8)
 *fill*         0x2000001c        0x4 
                [!provide]                        PROVIDE (end = .)
                0x20000020                        PROVIDE (_end = .)
                0x20000220                        . = (. + _Min_Heap_Size)
 *fill*         0x20000020      0x200 
                0x20000620                        . = (. + _Min_Stack_Size)
 *fill*         0x20000220      0x400 
                0x20000620                        . = ALIGN (0x8)

/DISCARD/
 libc.a(*)
 libm.a(*)
 libgcc.a(*)

.ARM.attributes
                0x00000000       0x2a
 *(.ARM.attributes)
 .ARM.attributes
                0x00000000       0x1e C:/ST/STM32CubeIDE_1.11.2/STM32CubeIDE/plugins/com.st.stm32cube.ide.mcu.externaltools.gnu-tools-for-stm32.12.3.rel1.win32_1.1.0.202410251130/tools/bin/../lib/gcc/arm-none-eabi/12.3.1/thumb/v7e-m/nofp/crti.o
 .ARM.attributes
                0x0000001e       0x2e C:/ST/STM32CubeIDE_1.11.2/STM32CubeIDE/plugins/com.st.stm32cube.ide.mcu.externaltools.gnu-tools-for-stm32.12.3.rel1.win32_1.1.0.202410251130/tools/bin/../lib/gcc/arm-none-eabi/12.3.1/thumb/v7e-m/nofp/crtbegin.o
 .ARM.attributes
                0x0000004c       0x2e ./Drivers/Src/stm32f407xx_usb_driver.o
 .ARM.attributes
                0x0000007a       0x2e ./Src/main.o
 .ARM.attributes
                0x000000a8       0x21 ./Startup/startup_stm32f407vgtx.o
 .ARM.attributes
                0x000000c9       0x2e C:/ST/STM32CubeIDE_1.11.2/STM32CubeIDE/plugins/com.st.stm32cube.ide.mcu.externaltools.gnu-tools-for-stm32.12.3.rel1.win32_1.1.0.202410251130/tools/bin/../lib/gcc/arm-none-eabi/12.3.1/../../../../arm-none-eabi/lib/thumb/v7e-m/nofp\libc_nano.a(libc_a-init.o)
 .ARM.attributes
                0x000000f7       0x1e C:/ST/STM32CubeIDE_1.11.2/STM32CubeIDE/plugins/com.st.stm32cube.ide.mcu.externaltools.gnu-tools-for-stm32.12.3.rel1.win32_1.1.0.202410251130/tools/bin/../lib/gcc/arm-none-eabi/12.3.1/thumb/v7e-m/nofp/crtn.o
OUTPUT(USB_Driver_01.elf elf32-littlearm)
LOAD linker stubs
LOAD C:/ST/STM32CubeIDE_1.11.2/STM32CubeIDE/plugins/com.st.stm32cube.ide.mcu.externaltools.gnu-tools-for-stm32.12.3.rel1.win32_1.1.0.202410251130/tools/bin/../lib/gcc/arm-none-eabi/12.3.1/../../../../arm-none-eabi/lib/thumb/v7e-m/nofp\libc.a
LOAD C:/ST/STM32CubeIDE_1.11.2/STM32CubeIDE/plugins/com.st.stm32cube.ide.mcu.externaltools.gnu-tools-for-stm32.12.3.rel1.win32_1.1.0.202410251130/tools/bin/../lib/gcc/arm-none-eabi/12.3.1/../../../../arm-none-eabi/lib/thumb/v7e-m/nofp\libm.a
LOAD C:/ST/STM32CubeIDE_1.11.2/STM32CubeIDE/plugins/com.st.stm32cube.ide.mcu.externaltools.gnu-tools-for-stm32.12.3.rel1.win32_1.1.0.202410251130/tools/bin/../lib/gcc/arm-none-eabi/12.3.1/thumb/v7e-m/nofp\libgcc.a

.debug_info     0x00000000      0x7f0
 .debug_info    0x00000000      0x714 ./Drivers/Src/stm32f407xx_usb_driver.o
 .debug_info    0x00000714       0xac ./Src/main.o
 .debug_info    0x000007c0       0x30 ./Startup/startup_stm32f407vgtx.o

.debug_abbrev   0x00000000      0x18a
 .debug_abbrev  0x00000000       0xf1 ./Drivers/Src/stm32f407xx_usb_driver.o
 .debug_abbrev  0x000000f1       0x75 ./Src/main.o
 .debug_abbrev  0x00000166       0x24 ./Startup/startup_stm32f407vgtx.o

.debug_aranges  0x00000000       0x78
 .debug_aranges
                0x00000000       0x28 ./Drivers/Src/stm32f407xx_usb_driver.o
 .debug_aranges
                0x00000028       0x28 ./Src/main.o
 .debug_aranges
                0x00000050       0x28 ./Startup/startup_stm32f407vgtx.o

.debug_rnglists
                0x00000000       0x4d
 .debug_rnglists
                0x00000000       0x1b ./Drivers/Src/stm32f407xx_usb_driver.o
 .debug_rnglists
                0x0000001b       0x19 ./Src/main.o
 .debug_rnglists
                0x00000034       0x19 ./Startup/startup_stm32f407vgtx.o

.debug_macro    0x00000000      0x398
 .debug_macro   0x00000000       0xda ./Drivers/Src/stm32f407xx_usb_driver.o
 .debug_macro   0x000000da       0xf2 ./Drivers/Src/stm32f407xx_usb_driver.o
 .debug_macro   0x000001cc       0xd4 ./Src/main.o
 .debug_macro   0x000002a0       0xf8 ./Src/main.o

.debug_line     0x00000000      0xb86
 .debug_line    0x00000000      0x5fd ./Drivers/Src/stm32f407xx_usb_driver.o
 .debug_line    0x000005fd      0x50e ./Src/main.o
 .debug_line    0x00000b0b       0x7b ./Startup/startup_stm32f407vgtx.o

.debug_str      0x00000000     0x8606
 .debug_str     0x00000000     0x85a2 ./Drivers/Src/stm32f407xx_usb_driver.o
                               0x878d (size before relaxing)
 .debug_str     0x000085a2       0x25 ./Src/main.o
                               0x830b (size before relaxing)
 .debug_str     0x000085c7       0x3f ./Startup/startup_stm32f407vgtx.o
                                 0x72 (size before relaxing)

.comment        0x00000000       0x43
 .comment       0x00000000       0x43 ./Drivers/Src/stm32f407xx_usb_driver.o
                                 0x44 (size before relaxing)
 .comment       0x00000043       0x44 ./Src/main.o

.debug_frame    0x00000000       0xd8
 .debug_frame   0x00000000       0x60 ./Drivers/Src/stm32f407xx_usb_driver.o
 .debug_frame   0x00000060       0x4c ./Src/main.o
 .debug_frame   0x000000ac       0x2c C:/ST/STM32CubeIDE_1.11.2/STM32CubeIDE/plugins/com.st.stm32cube.ide.mcu.externaltools.gnu-tools-for-stm32.12.3.rel1.win32_1.1.0.202410251130/tools/bin/../lib/gcc/arm-none-eabi/12.3.1/../../../../arm-none-eabi/lib/thumb/v7e-m/nofp\libc_nano.a(libc_a-init.o)

.debug_line_str
                0x00000000       0x56
 .debug_line_str
                0x00000000       0x56 ./Startup/startup_stm32f407vgtx.o
