01:50:55 **** Build of configuration Debug for project USB_Driver_01 ****
make -j8 all 
arm-none-eabi-gcc -mcpu=cortex-m4 -g3 -DDEBUG -c -x assembler-with-cpp -MMD -MP -MF"Startup/startup_stm32f407vgtx.d" -MT"Startup/startup_stm32f407vgtx.o" --specs=nano.specs -mfloat-abi=soft -mthumb -o "Startup/startup_stm32f407vgtx.o" "../Startup/startup_stm32f407vgtx.s"
arm-none-eabi-gcc "../Src/main.c" -mcpu=cortex-m4 -std=gnu11 -g3 -DDEBUG -DSTM32 -DSTM32F407G_DISC1 -DSTM32F4 -DSTM32F407VGTx -c -I../Middlewares/USB_Device_Library/Class/Inc -I../Middlewares/USB_Device_Library/Core/Inc -I../Inc -I../Drivers/Inc -O0 -ffunction-sections -fdata-sections -Wall -fstack-usage -fcyclomatic-complexity -MMD -MP -MF"Src/main.d" -MT"Src/main.o" --specs=nano.specs -mfloat-abi=soft -mthumb -o "Src/main.o"
arm-none-eabi-gcc "../Src/syscalls.c" -mcpu=cortex-m4 -std=gnu11 -g3 -DDEBUG -DSTM32 -DSTM32F407G_DISC1 -DSTM32F4 -DSTM32F407VGTx -c -I../Middlewares/USB_Device_Library/Class/Inc -I../Middlewares/USB_Device_Library/Core/Inc -I../Inc -I../Drivers/Inc -O0 -ffunction-sections -fdata-sections -Wall -fstack-usage -fcyclomatic-complexity -MMD -MP -MF"Src/syscalls.d" -MT"Src/syscalls.o" --specs=nano.specs -mfloat-abi=soft -mthumb -o "Src/syscalls.o"
arm-none-eabi-gcc "../Src/sysmem.c" -mcpu=cortex-m4 -std=gnu11 -g3 -DDEBUG -DSTM32 -DSTM32F407G_DISC1 -DSTM32F4 -DSTM32F407VGTx -c -I../Middlewares/USB_Device_Library/Class/Inc -I../Middlewares/USB_Device_Library/Core/Inc -I../Inc -I../Drivers/Inc -O0 -ffunction-sections -fdata-sections -Wall -fstack-usage -fcyclomatic-complexity -MMD -MP -MF"Src/sysmem.d" -MT"Src/sysmem.o" --specs=nano.specs -mfloat-abi=soft -mthumb -o "Src/sysmem.o"
arm-none-eabi-gcc "../Middlewares/USB_Device_Library/Core/Src/usbd_desc.c" -mcpu=cortex-m4 -std=gnu11 -g3 -DDEBUG -DSTM32 -DSTM32F407G_DISC1 -DSTM32F4 -DSTM32F407VGTx -c -I../Middlewares/USB_Device_Library/Class/Inc -I../Middlewares/USB_Device_Library/Core/Inc -I../Inc -I../Drivers/Inc -O0 -ffunction-sections -fdata-sections -Wall -fstack-usage -fcyclomatic-complexity -MMD -MP -MF"Middlewares/USB_Device_Library/Core/Src/usbd_desc.d" -MT"Middlewares/USB_Device_Library/Core/Src/usbd_desc.o" --specs=nano.specs -mfloat-abi=soft -mthumb -o "Middlewares/USB_Device_Library/Core/Src/usbd_desc.o"
arm-none-eabi-gcc "../Drivers/Src/stm32f407xx_gpio_driver.c" -mcpu=cortex-m4 -std=gnu11 -g3 -DDEBUG -DSTM32 -DSTM32F407G_DISC1 -DSTM32F4 -DSTM32F407VGTx -c -I../Middlewares/USB_Device_Library/Class/Inc -I../Middlewares/USB_Device_Library/Core/Inc -I../Inc -I../Drivers/Inc -O0 -ffunction-sections -fdata-sections -Wall -fstack-usage -fcyclomatic-complexity -MMD -MP -MF"Drivers/Src/stm32f407xx_gpio_driver.d" -MT"Drivers/Src/stm32f407xx_gpio_driver.o" --specs=nano.specs -mfloat-abi=soft -mthumb -o "Drivers/Src/stm32f407xx_gpio_driver.o"
arm-none-eabi-gcc "../Drivers/Src/stm32f407xx_i2c_driver.c" -mcpu=cortex-m4 -std=gnu11 -g3 -DDEBUG -DSTM32 -DSTM32F407G_DISC1 -DSTM32F4 -DSTM32F407VGTx -c -I../Middlewares/USB_Device_Library/Class/Inc -I../Middlewares/USB_Device_Library/Core/Inc -I../Inc -I../Drivers/Inc -O0 -ffunction-sections -fdata-sections -Wall -fstack-usage -fcyclomatic-complexity -MMD -MP -MF"Drivers/Src/stm32f407xx_i2c_driver.d" -MT"Drivers/Src/stm32f407xx_i2c_driver.o" --specs=nano.specs -mfloat-abi=soft -mthumb -o "Drivers/Src/stm32f407xx_i2c_driver.o"
arm-none-eabi-gcc "../Drivers/Src/stm32f407xx_rcc_driver.c" -mcpu=cortex-m4 -std=gnu11 -g3 -DDEBUG -DSTM32 -DSTM32F407G_DISC1 -DSTM32F4 -DSTM32F407VGTx -c -I../Middlewares/USB_Device_Library/Class/Inc -I../Middlewares/USB_Device_Library/Core/Inc -I../Inc -I../Drivers/Inc -O0 -ffunction-sections -fdata-sections -Wall -fstack-usage -fcyclomatic-complexity -MMD -MP -MF"Drivers/Src/stm32f407xx_rcc_driver.d" -MT"Drivers/Src/stm32f407xx_rcc_driver.o" --specs=nano.specs -mfloat-abi=soft -mthumb -o "Drivers/Src/stm32f407xx_rcc_driver.o"
arm-none-eabi-gcc "../Drivers/Src/stm32f407xx_spi_driver.c" -mcpu=cortex-m4 -std=gnu11 -g3 -DDEBUG -DSTM32 -DSTM32F407G_DISC1 -DSTM32F4 -DSTM32F407VGTx -c -I../Middlewares/USB_Device_Library/Class/Inc -I../Middlewares/USB_Device_Library/Core/Inc -I../Inc -I../Drivers/Inc -O0 -ffunction-sections -fdata-sections -Wall -fstack-usage -fcyclomatic-complexity -MMD -MP -MF"Drivers/Src/stm32f407xx_spi_driver.d" -MT"Drivers/Src/stm32f407xx_spi_driver.o" --specs=nano.specs -mfloat-abi=soft -mthumb -o "Drivers/Src/stm32f407xx_spi_driver.o"
arm-none-eabi-gcc "../Drivers/Src/stm32f407xx_tim_driver.c" -mcpu=cortex-m4 -std=gnu11 -g3 -DDEBUG -DSTM32 -DSTM32F407G_DISC1 -DSTM32F4 -DSTM32F407VGTx -c -I../Middlewares/USB_Device_Library/Class/Inc -I../Middlewares/USB_Device_Library/Core/Inc -I../Inc -I../Drivers/Inc -O0 -ffunction-sections -fdata-sections -Wall -fstack-usage -fcyclomatic-complexity -MMD -MP -MF"Drivers/Src/stm32f407xx_tim_driver.d" -MT"Drivers/Src/stm32f407xx_tim_driver.o" --specs=nano.specs -mfloat-abi=soft -mthumb -o "Drivers/Src/stm32f407xx_tim_driver.o"
arm-none-eabi-gcc "../Drivers/Src/stm32f407xx_usart_driver.c" -mcpu=cortex-m4 -std=gnu11 -g3 -DDEBUG -DSTM32 -DSTM32F407G_DISC1 -DSTM32F4 -DSTM32F407VGTx -c -I../Middlewares/USB_Device_Library/Class/Inc -I../Middlewares/USB_Device_Library/Core/Inc -I../Inc -I../Drivers/Inc -O0 -ffunction-sections -fdata-sections -Wall -fstack-usage -fcyclomatic-complexity -MMD -MP -MF"Drivers/Src/stm32f407xx_usart_driver.d" -MT"Drivers/Src/stm32f407xx_usart_driver.o" --specs=nano.specs -mfloat-abi=soft -mthumb -o "Drivers/Src/stm32f407xx_usart_driver.o"
arm-none-eabi-gcc "../Drivers/Src/stm32f407xx_usb_driver.c" -mcpu=cortex-m4 -std=gnu11 -g3 -DDEBUG -DSTM32 -DSTM32F407G_DISC1 -DSTM32F4 -DSTM32F407VGTx -c -I../Middlewares/USB_Device_Library/Class/Inc -I../Middlewares/USB_Device_Library/Core/Inc -I../Inc -I../Drivers/Inc -O0 -ffunction-sections -fdata-sections -Wall -fstack-usage -fcyclomatic-complexity -MMD -MP -MF"Drivers/Src/stm32f407xx_usb_driver.d" -MT"Drivers/Src/stm32f407xx_usb_driver.o" --specs=nano.specs -mfloat-abi=soft -mthumb -o "Drivers/Src/stm32f407xx_usb_driver.o"
arm-none-eabi-gcc -o "USB_Driver_01.elf" @"objects.list"   -mcpu=cortex-m4 -T"D:\Embedded-C\STM32F4_Projects\USB_Driver_01\STM32F407VGTX_FLASH.ld" --specs=nosys.specs -Wl,-Map="USB_Driver_01.map" -Wl,--gc-sections -static --specs=nano.specs -mfloat-abi=soft -mthumb -Wl,--start-group -lc -lm -Wl,--end-group
Finished building target: USB_Driver_01.elf
 
arm-none-eabi-size  USB_Driver_01.elf 
arm-none-eabi-objdump -h -S USB_Driver_01.elf  > "USB_Driver_01.list"
   text	   data	    bss	    dec	    hex	filename
   1096	      0	   1568	   2664	    a68	USB_Driver_01.elf
Finished building: default.size.stdout
 
Finished building: USB_Driver_01.list
 

01:50:56 Build Finished. 0 errors, 0 warnings. (took 653ms)

